// Jest Snapshot v1, https://goo.gl/fbAQLP

exports[`Base config 1`] = `
"
/Users/jhen/workspace/mybigday/eslint-config/packages/eslint-config-base/fixtures/import.js
  2:8   error  'React' is defined but never used          no-unused-vars
  2:17  error  'Component' is defined but never used      no-unused-vars
  2:28  error  'PureComponent' is defined but never used  no-unused-vars
  2:49  error  Unable to resolve path to module 'react'   import/no-unresolved
  4:24  error  Unable to resolve path to module 'react'   import/no-unresolved

/Users/jhen/workspace/mybigday/eslint-config/packages/eslint-config-base/fixtures/unicorn.js
  1:0  error  Specify the rules you want to disable  unicorn/no-abusive-eslint-disable

âœ– 6 problems (6 errors, 0 warnings)

"
`;
